***********************************************************************************************
***                                                                                         ***
***                                    LINK INFORMATION                                     ***
***                                                                                         ***
***********************************************************************************************

Linker version:

  SEGGER ARM Linker 4.34.2 compiled Aug 31 2022 19:06:45
  Copyright (c) 2017-2022 SEGGER Microcontroller GmbH    www.segger.com


***********************************************************************************************
***                                                                                         ***
***                                     MODULE SUMMARY                                      ***
***                                                                                         ***
***********************************************************************************************

Memory use by input file:

  Object File                                       RX Code     RO Data     RW Data     ZI Data
  ---------------------------------------------  ----------  ----------  ----------  ----------
  main.o                                                560                                    
  SEGGER_crtinit_v7em_little.o                           52                                    
  SEGGER_THUMB_Startup.o                                 20                                    
  STM32L432KC_ADC.o                                     254                                    
  STM32L432KC_FLASH.o                                    26                                    
  STM32L432KC_GPIO.o                                    392                                    
  STM32L432KC_RCC.o                                     166                                    
  STM32L432KC_SPI.o                                     302                                    
  STM32L432KC_TIM.o                                     374                                    
  stm32l432xx_Vectors.o                                 524                                    
  STM32L4xx_Startup.o                                    64                                    
  system_stm32l4xx.o                                    462          64           4            
  ---------------------------------------------  ----------  ----------  ----------  ----------
  Subtotal (12 objects)                               3 196          64           4            
  ---------------------------------------------  ----------  ----------  ----------  ----------
  libc_v7em_fpv4_sp_d16_hard_t_le_eabi_balanced.a
                                                        516                                    
  ---------------------------------------------  ----------  ----------  ----------  ----------
  Subtotal (1 archives)                                 516                                    
  ---------------------------------------------  ----------  ----------  ----------  ----------
  Linker created (shared data, fills, blocks):                       28                   2 048
  =============================================  ==========  ==========  ==========  ==========
  Total:                                              3 712          92           4       2 048
  =============================================  ==========  ==========  ==========  ==========

Memory use by archive member:

  Archive member                                    RX Code     RO Data     RW Data     ZI Data
  ---------------------------------------------  ----------  ----------  ----------  ----------
  floatasmops_arm.o (libc_v7em_fpv4_sp_d16_hard_t_le_eabi_balanced.a)
                                                        516                                    
  ---------------------------------------------  ----------  ----------  ----------  ----------
  Subtotal (1 members from 1 archives)                  516                                    
  Objects (12 files)                                  3 196          64           4            
  Linker created (shared data, fills, blocks):                       28                   2 048
  =============================================  ==========  ==========  ==========  ==========
  Total:                                              3 712          92           4       2 048
  =============================================  ==========  ==========  ==========  ==========

Memory use by linker:

  Description                                       RX Code     RO Data     RW Data     ZI Data
  ---------------------------------------------  ----------  ----------  ----------  ----------
  Initialization table                                               28                        
  Memory for block 'stack'                                                                2 048
  ---------------------------------------------  ----------  ----------  ----------  ----------
  Subtotal (linker created):                                         28                   2 048
  ---------------------------------------------  ----------  ----------  ----------  ----------
  Objects (12 files)                                  3 196          64           4            
  Archives (1 files)                                    516                                    
  =============================================  ==========  ==========  ==========  ==========
  Total:                                              3 712          92           4       2 048
  =============================================  ==========  ==========  ==========  ==========


***********************************************************************************************
***                                                                                         ***
***                                     SECTION DETAIL                                      ***
***                                                                                         ***
***********************************************************************************************

Sections by address:

  Range              Symbol or [section] Name         Size  Al  Init  Ac  Object File
  -----------------  -------------------------  ----------  --  ----  --  -----------
  08000000-0800018b  _vectors                          396  512
                                                                Code  RX  stm32l432xx_Vectors.o
  0800018c-0800018d  NMI_Handler                         2   2  Code  RX  stm32l432xx_Vectors.o
  0800018e-0800018f  SVC_Handler                         2   2  Code  RX  stm32l432xx_Vectors.o
  08000190-080001ef  initTIM                            96   8  Code  RX  STM32L432KC_TIM.o
  080001f0-0800026f  init_musical_timer                128   8  Code  RX  STM32L432KC_TIM.o
  08000270-0800029f  MSIRangeTable                      48   4  Cnst  RO  system_stm32l4xx.o
  080002a0-0800033f  pinMode                           160   4  Code  RX  STM32L432KC_GPIO.o
  08000340-08000353  _start                             20   4  Code  RX  SEGGER_THUMB_Startup.o
  08000354-0800037b  HardFault_Handler                  40   4  Code  RX  STM32L4xx_Startup.o
  0800037c-0800053f  __aeabi_ddiv                      452   4  Code  RX  floatasmops_arm.o (libc_v7em_fpv4_sp_d16_hard_t_le_eabi_balanced.a)
  08000540-08000563  __aeabi_d2uiz                      36   4  Code  RX  floatasmops_arm.o (libc_v7em_fpv4_sp_d16_hard_t_le_eabi_balanced.a)
  08000564-0800057f  __aeabi_ui2d                       28   4  Code  RX  floatasmops_arm.o (libc_v7em_fpv4_sp_d16_hard_t_le_eabi_balanced.a)
  08000580-080006f1  SystemCoreClockUpdate             370   4  Code  RX  system_stm32l4xx.o
  080006f2-080008eb  main                              506   2  Code  RX  main.o
  080008ec-08000921  TIM6_DAC_IRQHandler                54   2  Code  RX  main.o
  08000922-0800093b  configureFlash                     26   2  Code  RX  STM32L432KC_FLASH.o
  0800093c-08000949  gpioPinOffset                      14   2  Code  RX  STM32L432KC_GPIO.o
  0800094a-08000973  togglePin                          42   2  Code  RX  STM32L432KC_GPIO.o
  08000974-080009e9  configurePLL                      118   2  Code  RX  STM32L432KC_RCC.o
  080009ea-08000acb  initSPI                           226   2  Code  RX  STM32L432KC_SPI.o
  08000acc-08000b0d  enable_timers                      66   2  Code  RX  STM32L432KC_TIM.o
  08000b0e-08000b33  adc_start                          38   2  Code  RX  STM32L432KC_ADC.o
  08000b34-08000b35  PendSV_Handler                      2   2  Code  RX  stm32l432xx_Vectors.o
  08000b36-08000b37  SysTick_Handler                     2   2  Code  RX  stm32l432xx_Vectors.o
  08000b38-08000b39  WWDG_IRQHandler                     2   2  Code  RX  stm32l432xx_Vectors.o
  08000b3a-08000b3b  PVD_PVM_IRQHandler                  2   2  Code  RX  stm32l432xx_Vectors.o
  08000b3c-08000b3d  TAMP_STAMP_IRQHandler               2   2  Code  RX  stm32l432xx_Vectors.o
  08000b3e-08000b3f  RTC_WKUP_IRQHandler                 2   2  Code  RX  stm32l432xx_Vectors.o
  08000b40-08000b41  FLASH_IRQHandler                    2   2  Code  RX  stm32l432xx_Vectors.o
  08000b42-08000b43  RCC_IRQHandler                      2   2  Code  RX  stm32l432xx_Vectors.o
  08000b44-08000b45  EXTI0_IRQHandler                    2   2  Code  RX  stm32l432xx_Vectors.o
  08000b46-08000b47  EXTI1_IRQHandler                    2   2  Code  RX  stm32l432xx_Vectors.o
  08000b48-08000b49  EXTI2_IRQHandler                    2   2  Code  RX  stm32l432xx_Vectors.o
  08000b4a-08000b4b  EXTI3_IRQHandler                    2   2  Code  RX  stm32l432xx_Vectors.o
  08000b4c-08000b4d  EXTI4_IRQHandler                    2   2  Code  RX  stm32l432xx_Vectors.o
  08000b4e-08000b4f  DMA1_Channel1_IRQHandler            2   2  Code  RX  stm32l432xx_Vectors.o
  08000b50-08000b51  DMA1_Channel2_IRQHandler            2   2  Code  RX  stm32l432xx_Vectors.o
  08000b52-08000b53  DMA1_Channel3_IRQHandler            2   2  Code  RX  stm32l432xx_Vectors.o
  08000b54-08000b55  DMA1_Channel4_IRQHandler            2   2  Code  RX  stm32l432xx_Vectors.o
  08000b56-08000b57  DMA1_Channel5_IRQHandler            2   2  Code  RX  stm32l432xx_Vectors.o
  08000b58-08000b59  DMA1_Channel6_IRQHandler            2   2  Code  RX  stm32l432xx_Vectors.o
  08000b5a-08000b5b  DMA1_Channel7_IRQHandler            2   2  Code  RX  stm32l432xx_Vectors.o
  08000b5c-08000b5d  ADC1_IRQHandler                     2   2  Code  RX  stm32l432xx_Vectors.o
  08000b5e-08000b5f  CAN1_TX_IRQHandler                  2   2  Code  RX  stm32l432xx_Vectors.o
  08000b60-08000b61  CAN1_RX0_IRQHandler                 2   2  Code  RX  stm32l432xx_Vectors.o
  08000b62-08000b63  CAN1_RX1_IRQHandler                 2   2  Code  RX  stm32l432xx_Vectors.o
  08000b64-08000b65  CAN1_SCE_IRQHandler                 2   2  Code  RX  stm32l432xx_Vectors.o
  08000b66-08000b67  EXTI9_5_IRQHandler                  2   2  Code  RX  stm32l432xx_Vectors.o
  08000b68-08000b69  TIM1_BRK_TIM15_IRQHandler           2   2  Code  RX  stm32l432xx_Vectors.o
  08000b6a-08000b6b  TIM1_UP_TIM16_IRQHandler            2   2  Code  RX  stm32l432xx_Vectors.o
  08000b6c-08000b6d  TIM1_TRG_COM_IRQHandler             2   2  Code  RX  stm32l432xx_Vectors.o
  08000b6e-08000b6f  TIM1_CC_IRQHandler                  2   2  Code  RX  stm32l432xx_Vectors.o
  08000b70-08000b71  TIM2_IRQHandler                     2   2  Code  RX  stm32l432xx_Vectors.o
  08000b72-08000b73  I2C1_EV_IRQHandler                  2   2  Code  RX  stm32l432xx_Vectors.o
  08000b74-08000b75  I2C1_ER_IRQHandler                  2   2  Code  RX  stm32l432xx_Vectors.o
  08000b76-08000b77  SPI1_IRQHandler                     2   2  Code  RX  stm32l432xx_Vectors.o
  08000b78-08000b79  USART1_IRQHandler                   2   2  Code  RX  stm32l432xx_Vectors.o
  08000b7a-08000b7b  USART2_IRQHandler                   2   2  Code  RX  stm32l432xx_Vectors.o
  08000b7c-08000b7d  EXTI15_10_IRQHandler                2   2  Code  RX  stm32l432xx_Vectors.o
  08000b7e-08000b7f  RTC_Alarm_IRQHandler                2   2  Code  RX  stm32l432xx_Vectors.o
  08000b80-08000b81  SPI3_IRQHandler                     2   2  Code  RX  stm32l432xx_Vectors.o
  08000b82-08000b83  TIM7_IRQHandler                     2   2  Code  RX  stm32l432xx_Vectors.o
  08000b84-08000b85  DMA2_Channel1_IRQHandler            2   2  Code  RX  stm32l432xx_Vectors.o
  08000b86-08000b87  DMA2_Channel2_IRQHandler            2   2  Code  RX  stm32l432xx_Vectors.o
  08000b88-08000b89  DMA2_Channel3_IRQHandler            2   2  Code  RX  stm32l432xx_Vectors.o
  08000b8a-08000b8b  DMA2_Channel4_IRQHandler            2   2  Code  RX  stm32l432xx_Vectors.o
  08000b8c-08000b8d  DMA2_Channel5_IRQHandler            2   2  Code  RX  stm32l432xx_Vectors.o
  08000b8e-08000b8f  COMP_IRQHandler                     2   2  Code  RX  stm32l432xx_Vectors.o
  08000b90-08000b91  LPTIM1_IRQHandler                   2   2  Code  RX  stm32l432xx_Vectors.o
  08000b92-08000b93  LPTIM2_IRQHandler                   2   2  Code  RX  stm32l432xx_Vectors.o
  08000b94-08000b95  USB_IRQHandler                      2   2  Code  RX  stm32l432xx_Vectors.o
  08000b96-08000b97  DMA2_Channel6_IRQHandler            2   2  Code  RX  stm32l432xx_Vectors.o
  08000b98-08000b99  DMA2_Channel7_IRQHandler            2   2  Code  RX  stm32l432xx_Vectors.o
  08000b9a-08000b9b  LPUART1_IRQHandler                  2   2  Code  RX  stm32l432xx_Vectors.o
  08000b9c-08000b9d  QUADSPI_IRQHandler                  2   2  Code  RX  stm32l432xx_Vectors.o
  08000b9e-08000b9f  I2C3_EV_IRQHandler                  2   2  Code  RX  stm32l432xx_Vectors.o
  08000ba0-08000ba1  I2C3_ER_IRQHandler                  2   2  Code  RX  stm32l432xx_Vectors.o
  08000ba2-08000ba3  SAI1_IRQHandler                     2   2  Code  RX  stm32l432xx_Vectors.o
  08000ba4-08000ba5  SWPMI1_IRQHandler                   2   2  Code  RX  stm32l432xx_Vectors.o
  08000ba6-08000ba7  TSC_IRQHandler                      2   2  Code  RX  stm32l432xx_Vectors.o
  08000ba8-08000ba9  RNG_IRQHandler                      2   2  Code  RX  stm32l432xx_Vectors.o
  08000baa-08000bab  FPU_IRQHandler                      2   2  Code  RX  stm32l432xx_Vectors.o
  08000bac-08000bad  CRS_IRQHandler                      2   2  Code  RX  stm32l432xx_Vectors.o
  08000bae-08000baf  Dummy_Handler                       2   2  Code  RX  stm32l432xx_Vectors.o
  08000bb0-08000c0b  SystemInit                         92   2  Code  RX  system_stm32l4xx.o
  08000c0c-08000c5b  gpioEnable                         80   2  Code  RX  STM32L432KC_GPIO.o
  08000c5c-08000c67  gpioPinToPort                      12   2  Code  RX  STM32L432KC_GPIO.o
  08000c68-08000ca7  gpioPortToBase                     64   2  Code  RX  STM32L432KC_GPIO.o
  08000ca8-08000cbb  gpioPinToBase                      20   2  Code  RX  STM32L432KC_GPIO.o
  08000cbc-08000ceb  configureClock                     48   2  Code  RX  STM32L432KC_RCC.o
  08000cec-08000d37  spiSendReceive                     76   2  Code  RX  STM32L432KC_SPI.o
  08000d38-08000d8b  play_note                          84   2  Code  RX  STM32L432KC_TIM.o
  08000d8c-08000e2f  adc_init                          164   2  Code  RX  STM32L432KC_ADC.o
  08000e30-08000e63  adc_read                           52   2  Code  RX  STM32L432KC_ADC.o
  08000e64-08000e7b  reset_handler                      24   2  Code  RX  STM32L4xx_Startup.o
  08000e7c-08000e7f  [.init_array]                       4   4  ----  --  STM32L4xx_Startup.o
  08000e80-08000e8f  AHBPrescTable                      16   1  Cnst  RO  system_stm32l4xx.o
  08000e90-08000eaf  __SEGGER_init_ctors                32   4  Code  RX  SEGGER_crtinit_v7em_little.o
  08000eb0-08000ec7  __SEGGER_init_table__              24   4  Cnst  RO  [ Linker created ]
  08000ec8-08000ecb  __SEGGER_init_data__                4   4  Cnst  RO  [ Linker created ]
  08000ecc-08000edf  __SEGGER_init_copy                 20   2  Code  RX  SEGGER_crtinit_v7em_little.o
  08000ee0-0fffffff  ( UNUSED .=.+134213920 )   134 213 920
                                                             -  ----  -   -
  10000000-10000003  SystemCoreClock                     4   4  Init  RW  system_stm32l4xx.o
  10000004-2000b7ff  ( UNUSED .=.+268482556 )   268 482 556
                                                             -  ----  -   -
  2000b800-2000bfff  [.bss.block.stack]              2 048   8  None  ZI  [ Linker created ]


***********************************************************************************************
***                                                                                         ***
***                                       SYMBOL LIST                                       ***
***                                                                                         ***
***********************************************************************************************

Function symbols by name:

  Symbol name                   Address        Size  Align  Type  Bd  Object File
  -------------------------  ----------  ----------  -----  ----  --  -----------
  ADC1_IRQHandler            0x08000B5D                  2  Code  Wk  stm32l432xx_Vectors.o
  CAN1_RX0_IRQHandler        0x08000B61                  2  Code  Wk  stm32l432xx_Vectors.o
  CAN1_RX1_IRQHandler        0x08000B63                  2  Code  Wk  stm32l432xx_Vectors.o
  CAN1_SCE_IRQHandler        0x08000B65                  2  Code  Wk  stm32l432xx_Vectors.o
  CAN1_TX_IRQHandler         0x08000B5F                  2  Code  Wk  stm32l432xx_Vectors.o
  COMP_IRQHandler            0x08000B8F                  2  Code  Wk  stm32l432xx_Vectors.o
  CRS_IRQHandler             0x08000BAD                  2  Code  Wk  stm32l432xx_Vectors.o
  DMA1_Channel1_IRQHandler   0x08000B4F                  2  Code  Wk  stm32l432xx_Vectors.o
  DMA1_Channel2_IRQHandler   0x08000B51                  2  Code  Wk  stm32l432xx_Vectors.o
  DMA1_Channel3_IRQHandler   0x08000B53                  2  Code  Wk  stm32l432xx_Vectors.o
  DMA1_Channel4_IRQHandler   0x08000B55                  2  Code  Wk  stm32l432xx_Vectors.o
  DMA1_Channel5_IRQHandler   0x08000B57                  2  Code  Wk  stm32l432xx_Vectors.o
  DMA1_Channel6_IRQHandler   0x08000B59                  2  Code  Wk  stm32l432xx_Vectors.o
  DMA1_Channel7_IRQHandler   0x08000B5B                  2  Code  Wk  stm32l432xx_Vectors.o
  DMA2_Channel1_IRQHandler   0x08000B85                  2  Code  Wk  stm32l432xx_Vectors.o
  DMA2_Channel2_IRQHandler   0x08000B87                  2  Code  Wk  stm32l432xx_Vectors.o
  DMA2_Channel3_IRQHandler   0x08000B89                  2  Code  Wk  stm32l432xx_Vectors.o
  DMA2_Channel4_IRQHandler   0x08000B8B                  2  Code  Wk  stm32l432xx_Vectors.o
  DMA2_Channel5_IRQHandler   0x08000B8D                  2  Code  Wk  stm32l432xx_Vectors.o
  DMA2_Channel6_IRQHandler   0x08000B97                  2  Code  Wk  stm32l432xx_Vectors.o
  DMA2_Channel7_IRQHandler   0x08000B99                  2  Code  Wk  stm32l432xx_Vectors.o
  Dummy_Handler              0x08000BAF                  2  Code  Wk  stm32l432xx_Vectors.o
  EXTI0_IRQHandler           0x08000B45                  2  Code  Wk  stm32l432xx_Vectors.o
  EXTI15_10_IRQHandler       0x08000B7D                  2  Code  Wk  stm32l432xx_Vectors.o
  EXTI1_IRQHandler           0x08000B47                  2  Code  Wk  stm32l432xx_Vectors.o
  EXTI2_IRQHandler           0x08000B49                  2  Code  Wk  stm32l432xx_Vectors.o
  EXTI3_IRQHandler           0x08000B4B                  2  Code  Wk  stm32l432xx_Vectors.o
  EXTI4_IRQHandler           0x08000B4D                  2  Code  Wk  stm32l432xx_Vectors.o
  EXTI9_5_IRQHandler         0x08000B67                  2  Code  Wk  stm32l432xx_Vectors.o
  FLASH_IRQHandler           0x08000B41                  2  Code  Wk  stm32l432xx_Vectors.o
  FPU_IRQHandler             0x08000BAB                  2  Code  Wk  stm32l432xx_Vectors.o
  HardFault_Handler          0x08000355                  4  Code  Wk  STM32L4xx_Startup.o
  I2C1_ER_IRQHandler         0x08000B75                  2  Code  Wk  stm32l432xx_Vectors.o
  I2C1_EV_IRQHandler         0x08000B73                  2  Code  Wk  stm32l432xx_Vectors.o
  I2C3_ER_IRQHandler         0x08000BA1                  2  Code  Wk  stm32l432xx_Vectors.o
  I2C3_EV_IRQHandler         0x08000B9F                  2  Code  Wk  stm32l432xx_Vectors.o
  LPTIM1_IRQHandler          0x08000B91                  2  Code  Wk  stm32l432xx_Vectors.o
  LPTIM2_IRQHandler          0x08000B93                  2  Code  Wk  stm32l432xx_Vectors.o
  LPUART1_IRQHandler         0x08000B9B                  2  Code  Wk  stm32l432xx_Vectors.o
  NMI_Handler                0x0800018D                  2  Code  Wk  stm32l432xx_Vectors.o
  PVD_PVM_IRQHandler         0x08000B3B                  2  Code  Wk  stm32l432xx_Vectors.o
  PendSV_Handler             0x08000B35                  2  Code  Wk  stm32l432xx_Vectors.o
  QUADSPI_IRQHandler         0x08000B9D                  2  Code  Wk  stm32l432xx_Vectors.o
  RCC_IRQHandler             0x08000B43                  2  Code  Wk  stm32l432xx_Vectors.o
  RNG_IRQHandler             0x08000BA9                  2  Code  Wk  stm32l432xx_Vectors.o
  RTC_Alarm_IRQHandler       0x08000B7F                  2  Code  Wk  stm32l432xx_Vectors.o
  RTC_WKUP_IRQHandler        0x08000B3F                  2  Code  Wk  stm32l432xx_Vectors.o
  Reset_Handler              0x08000E65                  2  Code  Gb  STM32L4xx_Startup.o
  SAI1_IRQHandler            0x08000BA3                  2  Code  Wk  stm32l432xx_Vectors.o
  SPI1_IRQHandler            0x08000B77                  2  Code  Wk  stm32l432xx_Vectors.o
  SPI3_IRQHandler            0x08000B81                  2  Code  Wk  stm32l432xx_Vectors.o
  SVC_Handler                0x0800018F                  2  Code  Wk  stm32l432xx_Vectors.o
  SWPMI1_IRQHandler          0x08000BA5                  2  Code  Wk  stm32l432xx_Vectors.o
  SysTick_Handler            0x08000B37                  2  Code  Wk  stm32l432xx_Vectors.o
  SystemCoreClockUpdate      0x08000581         370      4  Code  Gb  system_stm32l4xx.o
  SystemInit                 0x08000BB1          92      2  Code  Gb  system_stm32l4xx.o
  TAMP_STAMP_IRQHandler      0x08000B3D                  2  Code  Wk  stm32l432xx_Vectors.o
  TIM1_BRK_TIM15_IRQHandler  0x08000B69                  2  Code  Wk  stm32l432xx_Vectors.o
  TIM1_CC_IRQHandler         0x08000B6F                  2  Code  Wk  stm32l432xx_Vectors.o
  TIM1_TRG_COM_IRQHandler    0x08000B6D                  2  Code  Wk  stm32l432xx_Vectors.o
  TIM1_UP_TIM16_IRQHandler   0x08000B6B                  2  Code  Wk  stm32l432xx_Vectors.o
  TIM2_IRQHandler            0x08000B71                  2  Code  Wk  stm32l432xx_Vectors.o
  TIM6_DAC_IRQHandler        0x080008ED          54      2  Code  Gb  main.o
  TIM7_IRQHandler            0x08000B83                  2  Code  Wk  stm32l432xx_Vectors.o
  TSC_IRQHandler             0x08000BA7                  2  Code  Wk  stm32l432xx_Vectors.o
  USART1_IRQHandler          0x08000B79                  2  Code  Wk  stm32l432xx_Vectors.o
  USART2_IRQHandler          0x08000B7B                  2  Code  Wk  stm32l432xx_Vectors.o
  USB_IRQHandler             0x08000B95                  2  Code  Wk  stm32l432xx_Vectors.o
  WWDG_IRQHandler            0x08000B39                  2  Code  Wk  stm32l432xx_Vectors.o
  __SEGGER_init_copy         0x08000ECD          20      2  Code  Wk  SEGGER_crtinit_v7em_little.o
  __SEGGER_init_ctors        0x08000E91          24      4  Code  Wk  SEGGER_crtinit_v7em_little.o
  __SEGGER_init_done         0x0800034B                  4  Code  Gb  SEGGER_THUMB_Startup.o
  __aeabi_d2uiz              0x08000541          36      4  Code  Wk  floatasmops_arm.o (libc_v7em_fpv4_sp_d16_hard_t_le_eabi_balanced.a)
  __aeabi_ddiv               0x0800037D         450      4  Code  Wk  floatasmops_arm.o (libc_v7em_fpv4_sp_d16_hard_t_le_eabi_balanced.a)
  __aeabi_ui2d               0x08000565          28      4  Code  Wk  floatasmops_arm.o (libc_v7em_fpv4_sp_d16_hard_t_le_eabi_balanced.a)
  __startup_complete         0x0800034B                  4  Code  Gb  SEGGER_THUMB_Startup.o
  _start                     0x08000341          14      4  Code  Gb  SEGGER_THUMB_Startup.o
  adc_init                   0x08000D8D         164      2  Code  Gb  STM32L432KC_ADC.o
  adc_read                   0x08000E31          52      2  Code  Gb  STM32L432KC_ADC.o
  adc_start                  0x08000B0F          38      2  Code  Gb  STM32L432KC_ADC.o
  configureClock             0x08000CBD          48      2  Code  Gb  STM32L432KC_RCC.o
  configureFlash             0x08000923          26      2  Code  Gb  STM32L432KC_FLASH.o
  configurePLL               0x08000975         118      2  Code  Gb  STM32L432KC_RCC.o
  enable_timers              0x08000ACD          66      2  Code  Gb  STM32L432KC_TIM.o
  exit                       0x0800034F           2      4  Code  Gb  SEGGER_THUMB_Startup.o
  gpioEnable                 0x08000C0D          80      2  Code  Gb  STM32L432KC_GPIO.o
  gpioPinOffset              0x0800093D          14      2  Code  Gb  STM32L432KC_GPIO.o
  gpioPinToBase              0x08000CA9          20      2  Code  Gb  STM32L432KC_GPIO.o
  gpioPinToPort              0x08000C5D          12      2  Code  Gb  STM32L432KC_GPIO.o
  gpioPortToBase             0x08000C69          64      2  Code  Gb  STM32L432KC_GPIO.o
  initSPI                    0x080009EB         226      2  Code  Gb  STM32L432KC_SPI.o
  initTIM                    0x08000191          96      8  Code  Gb  STM32L432KC_TIM.o
  init_musical_timer         0x080001F1         128      8  Code  Gb  STM32L432KC_TIM.o
  main                       0x080006F3         506      2  Code  Gb  main.o
  pinMode                    0x080002A1         160      4  Code  Gb  STM32L432KC_GPIO.o
  play_note                  0x08000D39          84      2  Code  Gb  STM32L432KC_TIM.o
  reset_handler              0x08000E65                  2  Code  Gb  STM32L4xx_Startup.o
  spiSendReceive             0x08000CED          76      2  Code  Gb  STM32L432KC_SPI.o
  togglePin                  0x0800094B          42      2  Code  Gb  STM32L432KC_GPIO.o

Function symbols by address:

     Address  Symbol name                      Size  Align  Type  Bd  Object File
  ----------  -------------------------  ----------  -----  ----  --  -----------
  0x0800018D  NMI_Handler                                2  Code  Wk  stm32l432xx_Vectors.o
  0x0800018F  SVC_Handler                                2  Code  Wk  stm32l432xx_Vectors.o
  0x08000191  initTIM                            96      8  Code  Gb  STM32L432KC_TIM.o
  0x080001F1  init_musical_timer                128      8  Code  Gb  STM32L432KC_TIM.o
  0x080002A1  pinMode                           160      4  Code  Gb  STM32L432KC_GPIO.o
  0x08000341  _start                             14      4  Code  Gb  SEGGER_THUMB_Startup.o
  0x0800034B  __startup_complete                         4  Code  Gb  SEGGER_THUMB_Startup.o
  0x0800034B  __SEGGER_init_done                         4  Code  Gb  SEGGER_THUMB_Startup.o
  0x0800034F  exit                                2      4  Code  Gb  SEGGER_THUMB_Startup.o
  0x08000355  HardFault_Handler                          4  Code  Wk  STM32L4xx_Startup.o
  0x0800037D  __aeabi_ddiv                      450      4  Code  Wk  floatasmops_arm.o (libc_v7em_fpv4_sp_d16_hard_t_le_eabi_balanced.a)
  0x08000541  __aeabi_d2uiz                      36      4  Code  Wk  floatasmops_arm.o (libc_v7em_fpv4_sp_d16_hard_t_le_eabi_balanced.a)
  0x08000565  __aeabi_ui2d                       28      4  Code  Wk  floatasmops_arm.o (libc_v7em_fpv4_sp_d16_hard_t_le_eabi_balanced.a)
  0x08000581  SystemCoreClockUpdate             370      4  Code  Gb  system_stm32l4xx.o
  0x080006F3  main                              506      2  Code  Gb  main.o
  0x080008ED  TIM6_DAC_IRQHandler                54      2  Code  Gb  main.o
  0x08000923  configureFlash                     26      2  Code  Gb  STM32L432KC_FLASH.o
  0x0800093D  gpioPinOffset                      14      2  Code  Gb  STM32L432KC_GPIO.o
  0x0800094B  togglePin                          42      2  Code  Gb  STM32L432KC_GPIO.o
  0x08000975  configurePLL                      118      2  Code  Gb  STM32L432KC_RCC.o
  0x080009EB  initSPI                           226      2  Code  Gb  STM32L432KC_SPI.o
  0x08000ACD  enable_timers                      66      2  Code  Gb  STM32L432KC_TIM.o
  0x08000B0F  adc_start                          38      2  Code  Gb  STM32L432KC_ADC.o
  0x08000B35  PendSV_Handler                             2  Code  Wk  stm32l432xx_Vectors.o
  0x08000B37  SysTick_Handler                            2  Code  Wk  stm32l432xx_Vectors.o
  0x08000B39  WWDG_IRQHandler                            2  Code  Wk  stm32l432xx_Vectors.o
  0x08000B3B  PVD_PVM_IRQHandler                         2  Code  Wk  stm32l432xx_Vectors.o
  0x08000B3D  TAMP_STAMP_IRQHandler                      2  Code  Wk  stm32l432xx_Vectors.o
  0x08000B3F  RTC_WKUP_IRQHandler                        2  Code  Wk  stm32l432xx_Vectors.o
  0x08000B41  FLASH_IRQHandler                           2  Code  Wk  stm32l432xx_Vectors.o
  0x08000B43  RCC_IRQHandler                             2  Code  Wk  stm32l432xx_Vectors.o
  0x08000B45  EXTI0_IRQHandler                           2  Code  Wk  stm32l432xx_Vectors.o
  0x08000B47  EXTI1_IRQHandler                           2  Code  Wk  stm32l432xx_Vectors.o
  0x08000B49  EXTI2_IRQHandler                           2  Code  Wk  stm32l432xx_Vectors.o
  0x08000B4B  EXTI3_IRQHandler                           2  Code  Wk  stm32l432xx_Vectors.o
  0x08000B4D  EXTI4_IRQHandler                           2  Code  Wk  stm32l432xx_Vectors.o
  0x08000B4F  DMA1_Channel1_IRQHandler                   2  Code  Wk  stm32l432xx_Vectors.o
  0x08000B51  DMA1_Channel2_IRQHandler                   2  Code  Wk  stm32l432xx_Vectors.o
  0x08000B53  DMA1_Channel3_IRQHandler                   2  Code  Wk  stm32l432xx_Vectors.o
  0x08000B55  DMA1_Channel4_IRQHandler                   2  Code  Wk  stm32l432xx_Vectors.o
  0x08000B57  DMA1_Channel5_IRQHandler                   2  Code  Wk  stm32l432xx_Vectors.o
  0x08000B59  DMA1_Channel6_IRQHandler                   2  Code  Wk  stm32l432xx_Vectors.o
  0x08000B5B  DMA1_Channel7_IRQHandler                   2  Code  Wk  stm32l432xx_Vectors.o
  0x08000B5D  ADC1_IRQHandler                            2  Code  Wk  stm32l432xx_Vectors.o
  0x08000B5F  CAN1_TX_IRQHandler                         2  Code  Wk  stm32l432xx_Vectors.o
  0x08000B61  CAN1_RX0_IRQHandler                        2  Code  Wk  stm32l432xx_Vectors.o
  0x08000B63  CAN1_RX1_IRQHandler                        2  Code  Wk  stm32l432xx_Vectors.o
  0x08000B65  CAN1_SCE_IRQHandler                        2  Code  Wk  stm32l432xx_Vectors.o
  0x08000B67  EXTI9_5_IRQHandler                         2  Code  Wk  stm32l432xx_Vectors.o
  0x08000B69  TIM1_BRK_TIM15_IRQHandler                  2  Code  Wk  stm32l432xx_Vectors.o
  0x08000B6B  TIM1_UP_TIM16_IRQHandler                   2  Code  Wk  stm32l432xx_Vectors.o
  0x08000B6D  TIM1_TRG_COM_IRQHandler                    2  Code  Wk  stm32l432xx_Vectors.o
  0x08000B6F  TIM1_CC_IRQHandler                         2  Code  Wk  stm32l432xx_Vectors.o
  0x08000B71  TIM2_IRQHandler                            2  Code  Wk  stm32l432xx_Vectors.o
  0x08000B73  I2C1_EV_IRQHandler                         2  Code  Wk  stm32l432xx_Vectors.o
  0x08000B75  I2C1_ER_IRQHandler                         2  Code  Wk  stm32l432xx_Vectors.o
  0x08000B77  SPI1_IRQHandler                            2  Code  Wk  stm32l432xx_Vectors.o
  0x08000B79  USART1_IRQHandler                          2  Code  Wk  stm32l432xx_Vectors.o
  0x08000B7B  USART2_IRQHandler                          2  Code  Wk  stm32l432xx_Vectors.o
  0x08000B7D  EXTI15_10_IRQHandler                       2  Code  Wk  stm32l432xx_Vectors.o
  0x08000B7F  RTC_Alarm_IRQHandler                       2  Code  Wk  stm32l432xx_Vectors.o
  0x08000B81  SPI3_IRQHandler                            2  Code  Wk  stm32l432xx_Vectors.o
  0x08000B83  TIM7_IRQHandler                            2  Code  Wk  stm32l432xx_Vectors.o
  0x08000B85  DMA2_Channel1_IRQHandler                   2  Code  Wk  stm32l432xx_Vectors.o
  0x08000B87  DMA2_Channel2_IRQHandler                   2  Code  Wk  stm32l432xx_Vectors.o
  0x08000B89  DMA2_Channel3_IRQHandler                   2  Code  Wk  stm32l432xx_Vectors.o
  0x08000B8B  DMA2_Channel4_IRQHandler                   2  Code  Wk  stm32l432xx_Vectors.o
  0x08000B8D  DMA2_Channel5_IRQHandler                   2  Code  Wk  stm32l432xx_Vectors.o
  0x08000B8F  COMP_IRQHandler                            2  Code  Wk  stm32l432xx_Vectors.o
  0x08000B91  LPTIM1_IRQHandler                          2  Code  Wk  stm32l432xx_Vectors.o
  0x08000B93  LPTIM2_IRQHandler                          2  Code  Wk  stm32l432xx_Vectors.o
  0x08000B95  USB_IRQHandler                             2  Code  Wk  stm32l432xx_Vectors.o
  0x08000B97  DMA2_Channel6_IRQHandler                   2  Code  Wk  stm32l432xx_Vectors.o
  0x08000B99  DMA2_Channel7_IRQHandler                   2  Code  Wk  stm32l432xx_Vectors.o
  0x08000B9B  LPUART1_IRQHandler                         2  Code  Wk  stm32l432xx_Vectors.o
  0x08000B9D  QUADSPI_IRQHandler                         2  Code  Wk  stm32l432xx_Vectors.o
  0x08000B9F  I2C3_EV_IRQHandler                         2  Code  Wk  stm32l432xx_Vectors.o
  0x08000BA1  I2C3_ER_IRQHandler                         2  Code  Wk  stm32l432xx_Vectors.o
  0x08000BA3  SAI1_IRQHandler                            2  Code  Wk  stm32l432xx_Vectors.o
  0x08000BA5  SWPMI1_IRQHandler                          2  Code  Wk  stm32l432xx_Vectors.o
  0x08000BA7  TSC_IRQHandler                             2  Code  Wk  stm32l432xx_Vectors.o
  0x08000BA9  RNG_IRQHandler                             2  Code  Wk  stm32l432xx_Vectors.o
  0x08000BAB  FPU_IRQHandler                             2  Code  Wk  stm32l432xx_Vectors.o
  0x08000BAD  CRS_IRQHandler                             2  Code  Wk  stm32l432xx_Vectors.o
  0x08000BAF  Dummy_Handler                              2  Code  Wk  stm32l432xx_Vectors.o
  0x08000BB1  SystemInit                         92      2  Code  Gb  system_stm32l4xx.o
  0x08000C0D  gpioEnable                         80      2  Code  Gb  STM32L432KC_GPIO.o
  0x08000C5D  gpioPinToPort                      12      2  Code  Gb  STM32L432KC_GPIO.o
  0x08000C69  gpioPortToBase                     64      2  Code  Gb  STM32L432KC_GPIO.o
  0x08000CA9  gpioPinToBase                      20      2  Code  Gb  STM32L432KC_GPIO.o
  0x08000CBD  configureClock                     48      2  Code  Gb  STM32L432KC_RCC.o
  0x08000CED  spiSendReceive                     76      2  Code  Gb  STM32L432KC_SPI.o
  0x08000D39  play_note                          84      2  Code  Gb  STM32L432KC_TIM.o
  0x08000D8D  adc_init                          164      2  Code  Gb  STM32L432KC_ADC.o
  0x08000E31  adc_read                           52      2  Code  Gb  STM32L432KC_ADC.o
  0x08000E65  reset_handler                              2  Code  Gb  STM32L4xx_Startup.o
  0x08000E65  Reset_Handler                              2  Code  Gb  STM32L4xx_Startup.o
  0x08000E91  __SEGGER_init_ctors                24      4  Code  Wk  SEGGER_crtinit_v7em_little.o
  0x08000ECD  __SEGGER_init_copy                 20      2  Code  Wk  SEGGER_crtinit_v7em_little.o

Function symbols by descending size:

  Symbol name                      Size  Align  Type  Bd  Object File
  -------------------------  ----------  -----  ----  --  -----------
  main                              506      2  Code  Gb  main.o
  __aeabi_ddiv                      450      4  Code  Wk  floatasmops_arm.o (libc_v7em_fpv4_sp_d16_hard_t_le_eabi_balanced.a)
  SystemCoreClockUpdate             370      4  Code  Gb  system_stm32l4xx.o
  initSPI                           226      2  Code  Gb  STM32L432KC_SPI.o
  adc_init                          164      2  Code  Gb  STM32L432KC_ADC.o
  pinMode                           160      4  Code  Gb  STM32L432KC_GPIO.o
  init_musical_timer                128      8  Code  Gb  STM32L432KC_TIM.o
  configurePLL                      118      2  Code  Gb  STM32L432KC_RCC.o
  initTIM                            96      8  Code  Gb  STM32L432KC_TIM.o
  SystemInit                         92      2  Code  Gb  system_stm32l4xx.o
  play_note                          84      2  Code  Gb  STM32L432KC_TIM.o
  gpioEnable                         80      2  Code  Gb  STM32L432KC_GPIO.o
  spiSendReceive                     76      2  Code  Gb  STM32L432KC_SPI.o
  enable_timers                      66      2  Code  Gb  STM32L432KC_TIM.o
  gpioPortToBase                     64      2  Code  Gb  STM32L432KC_GPIO.o
  TIM6_DAC_IRQHandler                54      2  Code  Gb  main.o
  adc_read                           52      2  Code  Gb  STM32L432KC_ADC.o
  configureClock                     48      2  Code  Gb  STM32L432KC_RCC.o
  togglePin                          42      2  Code  Gb  STM32L432KC_GPIO.o
  adc_start                          38      2  Code  Gb  STM32L432KC_ADC.o
  __aeabi_d2uiz                      36      4  Code  Wk  floatasmops_arm.o (libc_v7em_fpv4_sp_d16_hard_t_le_eabi_balanced.a)
  __aeabi_ui2d                       28      4  Code  Wk  floatasmops_arm.o (libc_v7em_fpv4_sp_d16_hard_t_le_eabi_balanced.a)
  configureFlash                     26      2  Code  Gb  STM32L432KC_FLASH.o
  __SEGGER_init_ctors                24      4  Code  Wk  SEGGER_crtinit_v7em_little.o
  __SEGGER_init_copy                 20      2  Code  Wk  SEGGER_crtinit_v7em_little.o
  gpioPinToBase                      20      2  Code  Gb  STM32L432KC_GPIO.o
  _start                             14      4  Code  Gb  SEGGER_THUMB_Startup.o
  gpioPinOffset                      14      2  Code  Gb  STM32L432KC_GPIO.o
  gpioPinToPort                      12      2  Code  Gb  STM32L432KC_GPIO.o
  exit                                2      4  Code  Gb  SEGGER_THUMB_Startup.o
  ADC1_IRQHandler                            2  Code  Wk  stm32l432xx_Vectors.o
  CAN1_RX0_IRQHandler                        2  Code  Wk  stm32l432xx_Vectors.o
  CAN1_RX1_IRQHandler                        2  Code  Wk  stm32l432xx_Vectors.o
  CAN1_SCE_IRQHandler                        2  Code  Wk  stm32l432xx_Vectors.o
  CAN1_TX_IRQHandler                         2  Code  Wk  stm32l432xx_Vectors.o
  COMP_IRQHandler                            2  Code  Wk  stm32l432xx_Vectors.o
  CRS_IRQHandler                             2  Code  Wk  stm32l432xx_Vectors.o
  DMA1_Channel1_IRQHandler                   2  Code  Wk  stm32l432xx_Vectors.o
  DMA1_Channel2_IRQHandler                   2  Code  Wk  stm32l432xx_Vectors.o
  DMA1_Channel3_IRQHandler                   2  Code  Wk  stm32l432xx_Vectors.o
  DMA1_Channel4_IRQHandler                   2  Code  Wk  stm32l432xx_Vectors.o
  DMA1_Channel5_IRQHandler                   2  Code  Wk  stm32l432xx_Vectors.o
  DMA1_Channel6_IRQHandler                   2  Code  Wk  stm32l432xx_Vectors.o
  DMA1_Channel7_IRQHandler                   2  Code  Wk  stm32l432xx_Vectors.o
  DMA2_Channel1_IRQHandler                   2  Code  Wk  stm32l432xx_Vectors.o
  DMA2_Channel2_IRQHandler                   2  Code  Wk  stm32l432xx_Vectors.o
  DMA2_Channel3_IRQHandler                   2  Code  Wk  stm32l432xx_Vectors.o
  DMA2_Channel4_IRQHandler                   2  Code  Wk  stm32l432xx_Vectors.o
  DMA2_Channel5_IRQHandler                   2  Code  Wk  stm32l432xx_Vectors.o
  DMA2_Channel6_IRQHandler                   2  Code  Wk  stm32l432xx_Vectors.o
  DMA2_Channel7_IRQHandler                   2  Code  Wk  stm32l432xx_Vectors.o
  Dummy_Handler                              2  Code  Wk  stm32l432xx_Vectors.o
  EXTI0_IRQHandler                           2  Code  Wk  stm32l432xx_Vectors.o
  EXTI15_10_IRQHandler                       2  Code  Wk  stm32l432xx_Vectors.o
  EXTI1_IRQHandler                           2  Code  Wk  stm32l432xx_Vectors.o
  EXTI2_IRQHandler                           2  Code  Wk  stm32l432xx_Vectors.o
  EXTI3_IRQHandler                           2  Code  Wk  stm32l432xx_Vectors.o
  EXTI4_IRQHandler                           2  Code  Wk  stm32l432xx_Vectors.o
  EXTI9_5_IRQHandler                         2  Code  Wk  stm32l432xx_Vectors.o
  FLASH_IRQHandler                           2  Code  Wk  stm32l432xx_Vectors.o
  FPU_IRQHandler                             2  Code  Wk  stm32l432xx_Vectors.o
  HardFault_Handler                          4  Code  Wk  STM32L4xx_Startup.o
  I2C1_ER_IRQHandler                         2  Code  Wk  stm32l432xx_Vectors.o
  I2C1_EV_IRQHandler                         2  Code  Wk  stm32l432xx_Vectors.o
  I2C3_ER_IRQHandler                         2  Code  Wk  stm32l432xx_Vectors.o
  I2C3_EV_IRQHandler                         2  Code  Wk  stm32l432xx_Vectors.o
  LPTIM1_IRQHandler                          2  Code  Wk  stm32l432xx_Vectors.o
  LPTIM2_IRQHandler                          2  Code  Wk  stm32l432xx_Vectors.o
  LPUART1_IRQHandler                         2  Code  Wk  stm32l432xx_Vectors.o
  NMI_Handler                                2  Code  Wk  stm32l432xx_Vectors.o
  PVD_PVM_IRQHandler                         2  Code  Wk  stm32l432xx_Vectors.o
  PendSV_Handler                             2  Code  Wk  stm32l432xx_Vectors.o
  QUADSPI_IRQHandler                         2  Code  Wk  stm32l432xx_Vectors.o
  RCC_IRQHandler                             2  Code  Wk  stm32l432xx_Vectors.o
  RNG_IRQHandler                             2  Code  Wk  stm32l432xx_Vectors.o
  RTC_Alarm_IRQHandler                       2  Code  Wk  stm32l432xx_Vectors.o
  RTC_WKUP_IRQHandler                        2  Code  Wk  stm32l432xx_Vectors.o
  Reset_Handler                              2  Code  Gb  STM32L4xx_Startup.o
  SAI1_IRQHandler                            2  Code  Wk  stm32l432xx_Vectors.o
  SPI1_IRQHandler                            2  Code  Wk  stm32l432xx_Vectors.o
  SPI3_IRQHandler                            2  Code  Wk  stm32l432xx_Vectors.o
  SVC_Handler                                2  Code  Wk  stm32l432xx_Vectors.o
  SWPMI1_IRQHandler                          2  Code  Wk  stm32l432xx_Vectors.o
  SysTick_Handler                            2  Code  Wk  stm32l432xx_Vectors.o
  TAMP_STAMP_IRQHandler                      2  Code  Wk  stm32l432xx_Vectors.o
  TIM1_BRK_TIM15_IRQHandler                  2  Code  Wk  stm32l432xx_Vectors.o
  TIM1_CC_IRQHandler                         2  Code  Wk  stm32l432xx_Vectors.o
  TIM1_TRG_COM_IRQHandler                    2  Code  Wk  stm32l432xx_Vectors.o
  TIM1_UP_TIM16_IRQHandler                   2  Code  Wk  stm32l432xx_Vectors.o
  TIM2_IRQHandler                            2  Code  Wk  stm32l432xx_Vectors.o
  TIM7_IRQHandler                            2  Code  Wk  stm32l432xx_Vectors.o
  TSC_IRQHandler                             2  Code  Wk  stm32l432xx_Vectors.o
  USART1_IRQHandler                          2  Code  Wk  stm32l432xx_Vectors.o
  USART2_IRQHandler                          2  Code  Wk  stm32l432xx_Vectors.o
  USB_IRQHandler                             2  Code  Wk  stm32l432xx_Vectors.o
  WWDG_IRQHandler                            2  Code  Wk  stm32l432xx_Vectors.o
  __SEGGER_init_done                         4  Code  Gb  SEGGER_THUMB_Startup.o
  __startup_complete                         4  Code  Gb  SEGGER_THUMB_Startup.o
  reset_handler                              2  Code  Gb  STM32L4xx_Startup.o

Read-write data symbols by name:

  Symbol name                   Address        Size  Align  Type  Bd  Object File
  -------------------------  ----------  ----------  -----  ----  --  -----------
  SystemCoreClock            0x10000000           4      4  Init  Gb  system_stm32l4xx.o

Read-write data symbols by address:

     Address  Symbol name                      Size  Align  Type  Bd  Object File
  ----------  -------------------------  ----------  -----  ----  --  -----------
  0x10000000  SystemCoreClock                     4      4  Init  Gb  system_stm32l4xx.o

Read-write data symbols by descending size:

  Symbol name                      Size  Align  Type  Bd  Object File
  -------------------------  ----------  -----  ----  --  -----------
  SystemCoreClock                     4      4  Init  Gb  system_stm32l4xx.o

Read-only data symbols by name:

  Symbol name                   Address        Size  Align  Type  Bd  Object File
  -------------------------  ----------  ----------  -----  ----  --  -----------
  AHBPrescTable              0x08000E80          16         Cnst  Gb  system_stm32l4xx.o
  MSIRangeTable              0x08000270          48      4  Cnst  Gb  system_stm32l4xx.o
  __SEGGER_init_data__       0x08000EC8         [4]      4  Cnst  Lc  [ Linker created ]
  __SEGGER_init_table__      0x08000EB0        [24]      4  Cnst  Lc  [ Linker created ]

Read-only data symbols by address:

     Address  Symbol name                      Size  Align  Type  Bd  Object File
  ----------  -------------------------  ----------  -----  ----  --  -----------
  0x08000270  MSIRangeTable                      48      4  Cnst  Gb  system_stm32l4xx.o
  0x08000E80  AHBPrescTable                      16         Cnst  Gb  system_stm32l4xx.o
  0x08000EB0  __SEGGER_init_table__            [24]      4  Cnst  Lc  [ Linker created ]
  0x08000EC8  __SEGGER_init_data__              [4]      4  Cnst  Lc  [ Linker created ]

Untyped symbols by name:

  Symbol name                     Value        Size  Align  Type  Bd  Object File
  -------------------------  ----------  ----------  -----  ----  --  -----------
  __FLASH1_segment_end__     0x08040000                     ----  Gb  [ Linker created ]
  __FLASH1_segment_size__    0x00040000                     ----  Gb  [ Linker created ]
  __FLASH1_segment_start__   0x08000000                     ----  Gb  [ Linker created ]
  __FLASH1_segment_used_end__
                             0x08000EE0                     ----  Gb  [ Linker created ]
  __FLASH1_segment_used_size__
                             0x00000EE0                     ----  Gb  [ Linker created ]
  __FLASH1_segment_used_start__
                             0x08000000                     ----  Gb  [ Linker created ]
  __FLASH_segment_end__      0x08040000                     ----  Gb  [ Linker created ]
  __FLASH_segment_size__     0x00040000                     ----  Gb  [ Linker created ]
  __FLASH_segment_start__    0x08000000                     ----  Gb  [ Linker created ]
  __FLASH_segment_used_end__
                             0x08000EE0                     ----  Gb  [ Linker created ]
  __FLASH_segment_used_size__
                             0x00000EE0                     ----  Gb  [ Linker created ]
  __FLASH_segment_used_start__
                             0x08000000                     ----  Gb  [ Linker created ]
  __HEAPSIZE__               0x00000400                     ----  Gb  [ Linker created ]
  __RAM1_segment_end__       0x10004000                     ----  Gb  [ Linker created ]
  __RAM1_segment_size__      0x00004000                     ----  Gb  [ Linker created ]
  __RAM1_segment_start__     0x10000000                     ----  Gb  [ Linker created ]
  __RAM1_segment_used_end__  0x10000004                     ----  Gb  [ Linker created ]
  __RAM1_segment_used_size__
                             0x00000004                     ----  Gb  [ Linker created ]
  __RAM1_segment_used_start__
                             0x10000000                     ----  Gb  [ Linker created ]
  __RAM2_segment_end__       0x2000C000                     ----  Gb  [ Linker created ]
  __RAM2_segment_size__      0x0000C000                     ----  Gb  [ Linker created ]
  __RAM2_segment_start__     0x20000000                     ----  Gb  [ Linker created ]
  __RAM2_segment_used_end__  0x2000C000                     ----  Gb  [ Linker created ]
  __RAM2_segment_used_size__
                             0x00000800                     ----  Gb  [ Linker created ]
  __RAM2_segment_used_start__
                             0x2000B800                     ----  Gb  [ Linker created ]
  __RAM_segment_end__        0x2000C000                     ----  Gb  [ Linker created ]
  __RAM_segment_size__       0x1000C000                     ----  Gb  [ Linker created ]
  __RAM_segment_start__      0x10000000                     ----  Gb  [ Linker created ]
  __RAM_segment_used_end__   0x2000C000                     ----  Gb  [ Linker created ]
  __RAM_segment_used_size__  0x1000C000                     ----  Gb  [ Linker created ]
  __RAM_segment_used_start__
                             0x10000000                     ----  Gb  [ Linker created ]
  __STACKSIZE_PROCESS__      0x00000000                     ----  Gb  [ Linker created ]
  __STACKSIZE__              0x00000800                     ----  Gb  [ Linker created ]
  __ctors_end__              0x08000E80                     ----  Gb  [ Linker created ]
  __ctors_start__            0x08000E7C                     ----  Gb  [ Linker created ]
  __stack_end__              0x2000C000                     ----  Gb  [ Linker created ]
  __thread_pointer$          0x00000000                     ----  Gb  [ Linker created ]
  _vectors                   0x08000000       [396]    512  Code  Gb  stm32l432xx_Vectors.o
  _vectors_end               0x0800018C                512  Code  Lc  stm32l432xx_Vectors.o

Untyped symbols by address:

       Value  Symbol name                      Size  Align  Type  Bd  Object File
  ----------  -------------------------  ----------  -----  ----  --  -----------
  0x00000000  __thread_pointer$                             ----  Gb  [ Linker created ]
  0x00000000  __STACKSIZE_PROCESS__                         ----  Gb  [ Linker created ]
  0x00000004  __RAM1_segment_used_size__
                                                            ----  Gb  [ Linker created ]
  0x00000400  __HEAPSIZE__                                  ----  Gb  [ Linker created ]
  0x00000800  __STACKSIZE__                                 ----  Gb  [ Linker created ]
  0x00000800  __RAM2_segment_used_size__
                                                            ----  Gb  [ Linker created ]
  0x00000EE0  __FLASH_segment_used_size__
                                                            ----  Gb  [ Linker created ]
  0x00000EE0  __FLASH1_segment_used_size__
                                                            ----  Gb  [ Linker created ]
  0x00004000  __RAM1_segment_size__                         ----  Gb  [ Linker created ]
  0x0000C000  __RAM2_segment_size__                         ----  Gb  [ Linker created ]
  0x00040000  __FLASH_segment_size__                        ----  Gb  [ Linker created ]
  0x00040000  __FLASH1_segment_size__                       ----  Gb  [ Linker created ]
  0x08000000  _vectors                        [396]    512  Code  Gb  stm32l432xx_Vectors.o
  0x08000000  __FLASH_segment_used_start__
                                                            ----  Gb  [ Linker created ]
  0x08000000  __FLASH_segment_start__                       ----  Gb  [ Linker created ]
  0x08000000  __FLASH1_segment_used_start__
                                                            ----  Gb  [ Linker created ]
  0x08000000  __FLASH1_segment_start__                      ----  Gb  [ Linker created ]
  0x0800018C  _vectors_end                             512  Code  Lc  stm32l432xx_Vectors.o
  0x08000E7C  __ctors_start__                               ----  Gb  [ Linker created ]
  0x08000E80  __ctors_end__                                 ----  Gb  [ Linker created ]
  0x08000EE0  __FLASH_segment_used_end__
                                                            ----  Gb  [ Linker created ]
  0x08000EE0  __FLASH1_segment_used_end__
                                                            ----  Gb  [ Linker created ]
  0x08040000  __FLASH_segment_end__                         ----  Gb  [ Linker created ]
  0x08040000  __FLASH1_segment_end__                        ----  Gb  [ Linker created ]
  0x10000000  __RAM_segment_used_start__
                                                            ----  Gb  [ Linker created ]
  0x10000000  __RAM_segment_start__                         ----  Gb  [ Linker created ]
  0x10000000  __RAM1_segment_used_start__
                                                            ----  Gb  [ Linker created ]
  0x10000000  __RAM1_segment_start__                        ----  Gb  [ Linker created ]
  0x10000004  __RAM1_segment_used_end__                     ----  Gb  [ Linker created ]
  0x10004000  __RAM1_segment_end__                          ----  Gb  [ Linker created ]
  0x1000C000  __RAM_segment_used_size__                     ----  Gb  [ Linker created ]
  0x1000C000  __RAM_segment_size__                          ----  Gb  [ Linker created ]
  0x20000000  __RAM2_segment_start__                        ----  Gb  [ Linker created ]
  0x2000B800  __RAM2_segment_used_start__
                                                            ----  Gb  [ Linker created ]
  0x2000C000  __stack_end__                                 ----  Gb  [ Linker created ]
  0x2000C000  __RAM_segment_used_end__                      ----  Gb  [ Linker created ]
  0x2000C000  __RAM_segment_end__                           ----  Gb  [ Linker created ]
  0x2000C000  __RAM2_segment_used_end__                     ----  Gb  [ Linker created ]
  0x2000C000  __RAM2_segment_end__                          ----  Gb  [ Linker created ]


***********************************************************************************************
***                                                                                         ***
***                                      LINK SUMMARY                                       ***
***                                                                                         ***
***********************************************************************************************

Memory breakdown:

    3 712 bytes read-only  code    + 
       92 bytes read-only  data    =   3 804 bytes read-only (total)
    2 052 bytes read-write data

Region summary:

  Name        Range                     Size                 Used               Unused       Alignment Loss
  ----------  -----------------  -----------  -------------------  -------------------  -------------------
  FLASH       08000000-0803ffff      262 144        3 808   1.45%      258 336  98.55%            0   0.00%
  RAM1        10000000-10003fff       16 384            4   0.02%       16 380  99.98%            0   0.00%
  RAM2        20000000-2000bfff       49 152        2 048   4.17%       47 104  95.83%            0   0.00%

Link complete: 0 errors, 0 warnings, 0 remarks
